TAP version 13
# Subtest: new selection balances null evidence, a non-Western cohort, Turkish bereavement and adverse experience
not ok 1 - new selection balances null evidence, a non-Western cohort, Turkish bereavement and adverse experience
  ---
  duration_ms: 1.167035
  type: 'test'
  location: '/mnt/data/marsam-work/tests/evidence-cycle.test.mjs:13:1'
  failureType: 'testCodeFailure'
  error: 'Missing within-person-attendance'
  code: 'ERR_ASSERTION'
  name: 'AssertionError'
  expected: true
  operator: '=='
  stack: |-
    TestContext.<anonymous> (file:///mnt/data/marsam-work/tests/evidence-cycle.test.mjs:14:29)
    Test.runInAsyncScope (node:async_hooks:214:14)
    Test.run (node:internal/test_runner/test:1047:25)
    Test.start (node:internal/test_runner/test:944:17)
    startSubtestAfterBootstrap (node:internal/test_runner/harness:296:17)
  ...
# Subtest: six new original works retain source identity and actual journal export fields
not ok 2 - six new original works retain source identity and actual journal export fields
  ---
  duration_ms: 0.177883
  type: 'test'
  location: '/mnt/data/marsam-work/tests/evidence-cycle.test.mjs:19:1'
  failureType: 'testCodeFailure'
  error: 'within-person-attendance'
  code: 'ERR_ASSERTION'
  name: 'AssertionError'
  expected: true
  operator: '=='
  stack: |-
    TestContext.<anonymous> (file:///mnt/data/marsam-work/tests/evidence-cycle.test.mjs:20:66)
    Test.runInAsyncScope (node:async_hooks:214:14)
    Test.run (node:internal/test_runner/test:1047:25)
    Test.processPendingSubtests (node:internal/test_runner/test:744:18)
    Test.postRun (node:internal/test_runner/test:1173:19)
    Test.run (node:internal/test_runner/test:1101:12)
    async startSubtestAfterBootstrap (node:internal/test_runner/harness:296:3)
  ...
# Subtest: new records are retrievable by DOI and original title in every language
not ok 3 - new records are retrievable by DOI and original title in every language
  ---
  duration_ms: 0.151124
  type: 'test'
  location: '/mnt/data/marsam-work/tests/evidence-cycle.test.mjs:25:1'
  failureType: 'testCodeFailure'
  error: 'within-person-attendance'
  code: 'ERR_ASSERTION'
  name: 'AssertionError'
  expected: true
  operator: '=='
  stack: |-
    TestContext.<anonymous> (file:///mnt/data/marsam-work/tests/evidence-cycle.test.mjs:26:89)
    Test.runInAsyncScope (node:async_hooks:214:14)
    Test.run (node:internal/test_runner/test:1047:25)
    Test.processPendingSubtests (node:internal/test_runner/test:744:18)
    Test.postRun (node:internal/test_runner/test:1173:19)
    Test.run (node:internal/test_runner/test:1101:12)
    async Test.processPendingSubtests (node:internal/test_runner/test:744:7)
  ...
# Subtest: connected reading and instrument use are explicit and base aware in all editions
not ok 4 - connected reading and instrument use are explicit and base aware in all editions
  ---
  duration_ms: 7.319077
  type: 'test'
  location: '/mnt/data/marsam-work/tests/evidence-cycle.test.mjs:29:1'
  failureType: 'testCodeFailure'
  error: |-
    The expression evaluated to a falsy value:
    
      assert.ok(r)
    
  code: 'ERR_ASSERTION'
  name: 'AssertionError'
  expected: true
  operator: '=='
  stack: |-
    TestContext.<anonymous> (file:///mnt/data/marsam-work/tests/evidence-cycle.test.mjs:30:69)
    Test.runInAsyncScope (node:async_hooks:214:14)
    Test.run (node:internal/test_runner/test:1047:25)
    Test.processPendingSubtests (node:internal/test_runner/test:744:18)
    Test.postRun (node:internal/test_runner/test:1173:19)
    Test.run (node:internal/test_runner/test:1101:12)
    async Test.processPendingSubtests (node:internal/test_runner/test:744:7)
  ...
# Subtest: related readings cannot point to undeclared records or nonexistent measures
not ok 5 - related readings cannot point to undeclared records or nonexistent measures
  ---
  duration_ms: 1.647946
  type: 'test'
  location: '/mnt/data/marsam-work/tests/evidence-cycle.test.mjs:39:1'
  failureType: 'testCodeFailure'
  error: |-
    The expression evaluated to a falsy value:
    
      assert.ok(r)
    
  code: 'ERR_ASSERTION'
  name: 'AssertionError'
  expected: true
  operator: '=='
  stack: |-
    TestContext.<anonymous> (file:///mnt/data/marsam-work/tests/evidence-cycle.test.mjs:40:107)
    Test.runInAsyncScope (node:async_hooks:214:14)
    Test.run (node:internal/test_runner/test:1047:25)
    Test.processPendingSubtests (node:internal/test_runner/test:744:18)
    Test.postRun (node:internal/test_runner/test:1173:19)
    Test.run (node:internal/test_runner/test:1101:12)
    async Test.processPendingSubtests (node:internal/test_runner/test:744:7)
  ...
# Subtest: new synthesis questions are present without replacing the existing heritage layer
not ok 6 - new synthesis questions are present without replacing the existing heritage layer
  ---
  duration_ms: 0.847091
  type: 'test'
  location: '/mnt/data/marsam-work/tests/evidence-cycle.test.mjs:44:1'
  failureType: 'testCodeFailure'
  error: |-
    The expression evaluated to a falsy value:
    
      assert.ok(scholarlyThemes.find(t=>t.id===id))
    
  code: 'ERR_ASSERTION'
  name: 'AssertionError'
  expected: true
  operator: '=='
  stack: |-
    TestContext.<anonymous> (file:///mnt/data/marsam-work/tests/evidence-cycle.test.mjs:45:80)
    Test.runInAsyncScope (node:async_hooks:214:14)
    Test.run (node:internal/test_runner/test:1047:25)
    Test.processPendingSubtests (node:internal/test_runner/test:744:18)
    Test.postRun (node:internal/test_runner/test:1173:19)
    Test.run (node:internal/test_runner/test:1101:12)
    async Test.processPendingSubtests (node:internal/test_runner/test:744:7)
  ...
1..6
# tests 6
# suites 0
# pass 0
# fail 6
# cancelled 0
# skipped 0
# todo 0
# duration_ms 97.065775
