TAP version 13
# Subtest: targeted full-text inspection is not described as abstract-only on the source page
not ok 1 - targeted full-text inspection is not described as abstract-only on the source page
  ---
  duration_ms: 12.517626
  type: 'test'
  location: '/mnt/data/marsam-baseline-source/tests/evidence-continuity.test.mjs:37:1'
  failureType: 'testCodeFailure'
  error: 'tr'
  code: 'ERR_ASSERTION'
  name: 'AssertionError'
  expected: true
  actual: false
  operator: '=='
  stack: |-
    TestContext.<anonymous> (file:///mnt/data/marsam-baseline-source/tests/evidence-continuity.test.mjs:41:32)
    async Test.run (node:internal/test_runner/test:1054:7)
    async startSubtestAfterBootstrap (node:internal/test_runner/harness:296:3)
  ...
1..1
# tests 1
# suites 0
# pass 0
# fail 1
# cancelled 0
# skipped 0
# todo 0
# duration_ms 96.138671
